2026-04-28 22:03:38.475 [INFO ] === Quant Trader Linux v1.0 ===
2026-04-28 22:03:38.483 [INFO ] [Main] 설정 로드 완료: config/config.json
2026-04-28 22:03:38.483 [INFO ] [Engine] 전략 등록: MACross | 005930 | short=5 long=20 qty=1
2026-04-28 22:03:38.483 [INFO ] [Engine] 전략 등록: MACross | 000660 | short=5 long=20 qty=1
2026-04-28 22:03:38.483 [INFO ] [Engine] 전략 등록: Momentum(Donchian) | 035420 | period=20 qty=1
2026-04-28 22:03:38.483 [INFO ] [Engine] ── 퀀트 엔진 시작 ──────────────────────────────
2026-04-28 22:03:38.484 [INFO ] [Engine] 종목: 005930 000660 035420 
2026-04-28 22:03:38.484 [INFO ] [Engine] 전략 수: 3
2026-04-28 22:03:38.484 [INFO ] [Engine] 수집 주기: 60초
2026-04-28 22:03:38.720 [ERROR] [KIS] 토큰 파싱 오류: [json.exception.type_error.302] type must be string, but is null
2026-04-28 22:03:38.720 [ERROR] [Engine] KIS 인증 실패 — 엔진 시작 중단
2026-04-28 22:03:38.720 [INFO ] [Main] 프로그램 종료
nohup: ignoring input
2026-04-28 22:04:08.838 [INFO ] === Quant Trader Linux v1.0 ===
2026-04-28 22:04:08.841 [INFO ] [Main] 설정 로드 완료: config/config.json
2026-04-28 22:04:08.841 [INFO ] [Engine] 전략 등록: MACross | 005930 | short=5 long=20 qty=1
2026-04-28 22:04:08.841 [INFO ] [Engine] 전략 등록: MACross | 000660 | short=5 long=20 qty=1
2026-04-28 22:04:08.841 [INFO ] [Engine] 전략 등록: Momentum(Donchian) | 035420 | period=20 qty=1
2026-04-28 22:04:08.841 [INFO ] [Engine] ── 퀀트 엔진 시작 ──────────────────────────────
2026-04-28 22:04:08.841 [INFO ] [Engine] 종목: 005930 000660 035420 
2026-04-28 22:04:08.841 [INFO ] [Engine] 전략 수: 3
2026-04-28 22:04:08.841 [INFO ] [Engine] 수집 주기: 60초
2026-04-28 22:04:09.184 [ERROR] [KIS] 토큰 파싱 오류: [json.exception.type_error.302] type must be string, but is null
2026-04-28 22:04:09.184 [ERROR] [Engine] KIS 인증 실패 — 엔진 시작 중단
2026-04-28 22:04:09.184 [INFO ] [Main] 프로그램 종료
2026-04-28 22:04:08.838 [INFO ] === Quant Trader Linux v1.0 ===
2026-04-28 22:04:08.841 [INFO ] [Main] 설정 로드 완료: config/config.json
2026-04-28 22:04:08.841 [INFO ] [Engine] 전략 등록: MACross | 005930 | short=5 long=20 qty=1
2026-04-28 22:04:08.841 [INFO ] [Engine] 전략 등록: MACross | 000660 | short=5 long=20 qty=1
2026-04-28 22:04:08.841 [INFO ] [Engine] 전략 등록: Momentum(Donchian) | 035420 | period=20 qty=1
2026-04-28 22:04:08.841 [INFO ] [Engine] ── 퀀트 엔진 시작 ──────────────────────────────
2026-04-28 22:04:08.841 [INFO ] [Engine] 종목: 005930 000660 035420 
2026-04-28 22:04:08.841 [INFO ] [Engine] 전략 수: 3
2026-04-28 22:04:08.841 [INFO ] [Engine] 수집 주기: 60초
2026-04-28 22:04:09.184 [ERROR] [KIS] 토큰 파싱 오류: [json.exception.type_error.302] type must be string, but is null
2026-04-28 22:04:09.184 [ERROR] [Engine] KIS 인증 실패 — 엔진 시작 중단
2026-04-28 22:04:09.184 [INFO ] [Main] 프로그램 종료
2026-04-28 22:06:27.437 [INFO ] === Quant Trader Linux v1.0 ===
2026-04-28 22:06:27.440 [INFO ] [Main] 설정 로드 완료: config/config.json
2026-04-28 22:06:27.440 [INFO ] [Engine] 전략 등록: MACross | 005930 | short=5 long=20 qty=1
2026-04-28 22:06:27.440 [INFO ] [Engine] 전략 등록: MACross | 000660 | short=5 long=20 qty=1
2026-04-28 22:06:27.440 [INFO ] [Engine] 전략 등록: Momentum(Donchian) | 035420 | period=20 qty=1
2026-04-28 22:06:27.440 [INFO ] [Engine] ── 퀀트 엔진 시작 ──────────────────────────────
2026-04-28 22:06:27.440 [INFO ] [Engine] 종목: 005930 000660 035420 
2026-04-28 22:06:27.440 [INFO ] [Engine] 전략 수: 3
2026-04-28 22:06:27.440 [INFO ] [Engine] 수집 주기: 60초
2026-04-28 22:06:27.933 [ERROR] [KIS] 토큰 파싱 오류: [json.exception.type_error.302] type must be string, but is null
2026-04-28 22:06:27.933 [ERROR] [Engine] KIS 인증 실패 — 엔진 시작 중단
2026-04-28 22:06:27.933 [INFO ] [Main] 프로그램 종료
2026-04-29 16:27:39.843 [INFO ] === Quant Trader Linux v1.0 ===
2026-04-29 16:27:39.849 [INFO ] [Main] 설정 로드 완료: config/config.json
2026-04-29 16:27:39.849 [INFO ] [Engine] 전략 등록: MACross | 005930 | short=5 long=20 qty=1
2026-04-29 16:27:39.849 [INFO ] [Engine] 전략 등록: MACross | 000660 | short=5 long=20 qty=1
2026-04-29 16:27:39.849 [INFO ] [Engine] 전략 등록: Momentum(Donchian) | 035420 | period=20 qty=1
2026-04-29 16:27:39.849 [INFO ] [Engine] ── 퀀트 엔진 시작 ──────────────────────────────
2026-04-29 16:27:39.849 [INFO ] [Engine] 종목: 005930 000660 035420 
2026-04-29 16:27:39.849 [INFO ] [Engine] 전략 수: 3
2026-04-29 16:27:39.849 [INFO ] [Engine] 수집 주기: 60초
2026-04-29 16:27:39.909 [ERROR] [KIS] 토큰 파싱 오류: [json.exception.type_error.302] type must be string, but is null
2026-04-29 16:27:39.909 [ERROR] [Engine] KIS 인증 실패 — 엔진 시작 중단
2026-04-29 16:27:39.909 [INFO ] [Main] 프로그램 종료
2026-04-29 17:22:28.799 [INFO ] === Quant Trader Linux v1.0 ===
2026-04-29 17:22:28.802 [INFO ] [Main] 설정 로드 완료: config/config.json
2026-04-29 17:22:28.802 [INFO ] [Engine] 전략 등록: MACross | 005930 | short=5 long=20 qty=1
2026-04-29 17:22:28.802 [INFO ] [Engine] 전략 등록: MACross | 000660 | short=5 long=20 qty=1
2026-04-29 17:22:28.802 [INFO ] [Engine] 전략 등록: Momentum(Donchian) | 035420 | period=20 qty=1
2026-04-29 17:22:28.802 [INFO ] [Engine] ── 퀀트 엔진 시작 ──────────────────────────────
2026-04-29 17:22:28.802 [INFO ] [Engine] 종목: 005930 000660 035420 
2026-04-29 17:22:28.802 [INFO ] [Engine] 전략 수: 3
2026-04-29 17:22:28.802 [INFO ] [Engine] 수집 주기: 60초
2026-04-29 17:22:29.004 [INFO ] [KIS] 토큰 발급 성공
2026-04-29 17:22:29.004 [INFO ] [DataThread] 시작
2026-04-29 17:22:29.004 [INFO ] [DataThread] 장 외 시간 — 대기 중...
2026-04-29 17:22:29.004 [INFO ] [StrategyThread] 시작
2026-04-29 17:22:29.004 [INFO ] [Engine] 모든 스레드 시작 완료
2026-04-29 17:22:29.004 [INFO ] [OrderThread] 시작
2026-04-29 17:23:27.632 [INFO ] [DataThread] 장 외 시간 — 대기 중...
2026-04-29 17:24:24.743 [INFO ] [DataThread] 장 외 시간 — 대기 중...
2026-04-29 17:25:21.593 [INFO ] [DataThread] 장 외 시간 — 대기 중...
2026-04-29 17:26:18.346 [INFO ] [DataThread] 장 외 시간 — 대기 중...
2026-04-29 17:27:15.257 [INFO ] [DataThread] 장 외 시간 — 대기 중...
2026-04-29 17:28:12.050 [INFO ] [DataThread] 장 외 시간 — 대기 중...
2026-04-29 17:29:10.483 [INFO ] [DataThread] 장 외 시간 — 대기 중...
2026-04-29 17:30:07.265 [INFO ] [DataThread] 장 외 시간 — 대기 중...
2026-04-29 17:31:03.417 [INFO ] [DataThread] 장 외 시간 — 대기 중...
2026-04-29 17:32:00.215 [INFO ] [DataThread] 장 외 시간 — 대기 중...
2026-04-29 17:32:57.933 [INFO ] [DataThread] 장 외 시간 — 대기 중...
2026-04-29 17:33:54.931 [INFO ] [DataThread] 장 외 시간 — 대기 중...
2026-04-29 17:34:51.682 [INFO ] [DataThread] 장 외 시간 — 대기 중...
2026-04-29 17:35:50.032 [INFO ] [DataThread] 장 외 시간 — 대기 중...
2026-04-29 17:36:46.880 [INFO ] [DataThread] 장 외 시간 — 대기 중...
2026-04-29 17:37:43.650 [INFO ] [DataThread] 장 외 시간 — 대기 중...
2026-04-29 17:38:40.331 [INFO ] [DataThread] 장 외 시간 — 대기 중...
2026-04-29 17:39:37.134 [INFO ] [DataThread] 장 외 시간 — 대기 중...
2026-04-29 17:40:34.879 [INFO ] [DataThread] 장 외 시간 — 대기 중...
2026-04-29 17:41:30.983 [INFO ] [DataThread] 장 외 시간 — 대기 중...
2026-04-29 17:42:29.394 [INFO ] [DataThread] 장 외 시간 — 대기 중...
2026-04-29 17:43:26.192 [INFO ] [DataThread] 장 외 시간 — 대기 중...
2026-04-29 17:44:22.997 [INFO ] [DataThread] 장 외 시간 — 대기 중...
2026-04-29 17:45:19.824 [INFO ] [DataThread] 장 외 시간 — 대기 중...
2026-04-29 17:46:16.603 [INFO ] [DataThread] 장 외 시간 — 대기 중...
2026-04-29 17:47:13.387 [INFO ] [DataThread] 장 외 시간 — 대기 중...
2026-04-29 17:48:10.117 [INFO ] [DataThread] 장 외 시간 — 대기 중...
2026-04-29 17:49:08.444 [INFO ] [DataThread] 장 외 시간 — 대기 중...
2026-04-29 17:50:05.178 [INFO ] [DataThread] 장 외 시간 — 대기 중...
2026-04-29 17:51:01.913 [INFO ] [DataThread] 장 외 시간 — 대기 중...
2026-04-29 17:51:58.581 [INFO ] [DataThread] 장 외 시간 — 대기 중...
2026-04-29 17:52:55.304 [INFO ] [DataThread] 장 외 시간 — 대기 중...
2026-04-29 17:53:51.995 [INFO ] [DataThread] 장 외 시간 — 대기 중...
2026-04-29 17:54:50.317 [INFO ] [DataThread] 장 외 시간 — 대기 중...
2026-04-29 17:55:46.970 [INFO ] [DataThread] 장 외 시간 — 대기 중...
2026-04-29 17:56:43.609 [INFO ] [DataThread] 장 외 시간 — 대기 중...
2026-04-29 17:57:40.316 [INFO ] [DataThread] 장 외 시간 — 대기 중...
2026-04-29 17:58:36.939 [INFO ] [DataThread] 장 외 시간 — 대기 중...
2026-04-29 17:59:33.554 [INFO ] [DataThread] 장 외 시간 — 대기 중...
2026-04-29 18:00:30.223 [INFO ] [DataThread] 장 외 시간 — 대기 중...
2026-04-29 18:01:28.513 [INFO ] [DataThread] 장 외 시간 — 대기 중...
2026-04-29 18:02:25.160 [INFO ] [DataThread] 장 외 시간 — 대기 중...
2026-04-29 18:03:21.761 [INFO ] [DataThread] 장 외 시간 — 대기 중...
2026-04-29 18:04:18.251 [INFO ] [DataThread] 장 외 시간 — 대기 중...
2026-04-29 18:05:14.877 [INFO ] [DataThread] 장 외 시간 — 대기 중...
2026-04-29 18:06:11.475 [INFO ] [DataThread] 장 외 시간 — 대기 중...
2026-04-29 18:07:09.712 [INFO ] [DataThread] 장 외 시간 — 대기 중...
2026-04-29 18:08:06.300 [INFO ] [DataThread] 장 외 시간 — 대기 중...
2026-04-29 18:09:02.829 [INFO ] [DataThread] 장 외 시간 — 대기 중...
2026-04-29 18:09:59.368 [INFO ] [DataThread] 장 외 시간 — 대기 중...
2026-04-29 18:10:55.943 [INFO ] [DataThread] 장 외 시간 — 대기 중...
2026-04-29 18:11:52.499 [INFO ] [DataThread] 장 외 시간 — 대기 중...
2026-04-29 18:12:48.938 [INFO ] [DataThread] 장 외 시간 — 대기 중...
2026-04-29 18:13:47.240 [INFO ] [DataThread] 장 외 시간 — 대기 중...
2026-04-29 18:14:43.779 [INFO ] [DataThread] 장 외 시간 — 대기 중...
2026-04-29 18:15:40.330 [INFO ] [DataThread] 장 외 시간 — 대기 중...
2026-04-29 18:16:36.832 [INFO ] [DataThread] 장 외 시간 — 대기 중...
2026-04-29 18:17:33.320 [INFO ] [DataThread] 장 외 시간 — 대기 중...
2026-04-29 18:18:29.720 [INFO ] [DataThread] 장 외 시간 — 대기 중...
2026-04-29 18:19:28.020 [INFO ] [DataThread] 장 외 시간 — 대기 중...
2026-04-29 18:20:24.531 [INFO ] [DataThread] 장 외 시간 — 대기 중...
2026-04-29 18:21:21.024 [INFO ] [DataThread] 장 외 시간 — 대기 중...
2026-04-29 18:22:17.560 [INFO ] [DataThread] 장 외 시간 — 대기 중...
2026-04-29 18:23:13.995 [INFO ] [DataThread] 장 외 시간 — 대기 중...
2026-04-29 18:24:10.424 [INFO ] [DataThread] 장 외 시간 — 대기 중...
2026-04-29 18:25:06.829 [INFO ] [DataThread] 장 외 시간 — 대기 중...
2026-04-29 18:26:05.103 [INFO ] [DataThread] 장 외 시간 — 대기 중...
2026-04-29 18:27:01.557 [INFO ] [DataThread] 장 외 시간 — 대기 중...
2026-04-29 18:27:57.913 [INFO ] [DataThread] 장 외 시간 — 대기 중...
2026-04-29 18:28:54.316 [INFO ] [DataThread] 장 외 시간 — 대기 중...
2026-04-29 18:29:50.747 [INFO ] [DataThread] 장 외 시간 — 대기 중...
2026-04-29 18:30:47.190 [INFO ] [DataThread] 장 외 시간 — 대기 중...
2026-04-29 18:31:45.394 [INFO ] [DataThread] 장 외 시간 — 대기 중...
2026-04-29 18:32:41.706 [INFO ] [DataThread] 장 외 시간 — 대기 중...
2026-04-29 18:33:38.153 [INFO ] [DataThread] 장 외 시간 — 대기 중...
2026-04-29 18:34:34.548 [INFO ] [DataThread] 장 외 시간 — 대기 중...
2026-04-29 18:35:30.907 [INFO ] [DataThread] 장 외 시간 — 대기 중...
2026-04-29 18:36:27.351 [INFO ] [DataThread] 장 외 시간 — 대기 중...
2026-04-29 18:37:23.647 [INFO ] [DataThread] 장 외 시간 — 대기 중...
2026-04-29 18:38:21.844 [INFO ] [DataThread] 장 외 시간 — 대기 중...
2026-04-29 18:39:18.164 [INFO ] [DataThread] 장 외 시간 — 대기 중...
2026-04-29 18:40:14.587 [INFO ] [DataThread] 장 외 시간 — 대기 중...
2026-04-29 18:41:10.915 [INFO ] [DataThread] 장 외 시간 — 대기 중...
2026-04-29 18:42:07.203 [INFO ] [DataThread] 장 외 시간 — 대기 중...
2026-04-29 18:43:03.553 [INFO ] [DataThread] 장 외 시간 — 대기 중...
2026-04-29 18:44:01.732 [INFO ] [DataThread] 장 외 시간 — 대기 중...
2026-04-29 18:44:58.039 [INFO ] [DataThread] 장 외 시간 — 대기 중...
2026-04-29 18:45:54.305 [INFO ] [DataThread] 장 외 시간 — 대기 중...
2026-04-29 18:46:50.609 [INFO ] [DataThread] 장 외 시간 — 대기 중...
2026-04-29 18:47:46.891 [INFO ] [DataThread] 장 외 시간 — 대기 중...
2026-04-29 18:48:43.108 [INFO ] [DataThread] 장 외 시간 — 대기 중...
2026-04-29 18:49:39.377 [INFO ] [DataThread] 장 외 시간 — 대기 중...
2026-04-29 18:50:37.526 [INFO ] [DataThread] 장 외 시간 — 대기 중...
2026-04-29 18:51:33.807 [INFO ] [DataThread] 장 외 시간 — 대기 중...
2026-04-29 18:52:30.113 [INFO ] [DataThread] 장 외 시간 — 대기 중...
2026-04-29 18:53:26.426 [INFO ] [DataThread] 장 외 시간 — 대기 중...
2026-04-29 18:54:22.686 [INFO ] [DataThread] 장 외 시간 — 대기 중...
2026-04-29 18:55:18.891 [INFO ] [DataThread] 장 외 시간 — 대기 중...
2026-04-29 18:56:15.076 [INFO ] [DataThread] 장 외 시간 — 대기 중...
2026-04-29 18:57:13.185 [INFO ] [DataThread] 장 외 시간 — 대기 중...
2026-04-29 18:58:09.371 [INFO ] [DataThread] 장 외 시간 — 대기 중...
2026-04-29 18:59:05.547 [INFO ] [DataThread] 장 외 시간 — 대기 중...
2026-04-29 19:00:01.841 [INFO ] [DataThread] 장 외 시간 — 대기 중...
2026-04-29 19:00:58.124 [INFO ] [DataThread] 장 외 시간 — 대기 중...
2026-04-29 19:01:54.469 [INFO ] [DataThread] 장 외 시간 — 대기 중...
2026-04-29 19:02:52.526 [INFO ] [DataThread] 장 외 시간 — 대기 중...
2026-04-29 19:03:48.686 [INFO ] [DataThread] 장 외 시간 — 대기 중...
2026-04-29 19:04:44.905 [INFO ] [DataThread] 장 외 시간 — 대기 중...
2026-04-29 19:05:41.067 [INFO ] [DataThread] 장 외 시간 — 대기 중...
2026-04-29 19:06:37.216 [INFO ] [DataThread] 장 외 시간 — 대기 중...
2026-04-29 19:07:33.422 [INFO ] [DataThread] 장 외 시간 — 대기 중...
2026-04-29 19:08:29.555 [INFO ] [DataThread] 장 외 시간 — 대기 중...
2026-04-29 19:09:27.668 [INFO ] [DataThread] 장 외 시간 — 대기 중...
2026-04-29 19:10:23.950 [INFO ] [DataThread] 장 외 시간 — 대기 중...
2026-04-29 19:11:20.238 [INFO ] [DataThread] 장 외 시간 — 대기 중...
2026-04-29 19:12:16.451 [INFO ] [DataThread] 장 외 시간 — 대기 중...
2026-04-29 19:13:12.599 [INFO ] [DataThread] 장 외 시간 — 대기 중...
2026-04-29 19:14:08.740 [INFO ] [DataThread] 장 외 시간 — 대기 중...
2026-04-29 19:15:06.850 [INFO ] [DataThread] 장 외 시간 — 대기 중...
2026-04-29 19:16:03.003 [INFO ] [DataThread] 장 외 시간 — 대기 중...
2026-04-29 19:16:59.155 [INFO ] [DataThread] 장 외 시간 — 대기 중...
2026-04-29 19:17:55.258 [INFO ] [DataThread] 장 외 시간 — 대기 중...
2026-04-29 19:18:51.393 [INFO ] [DataThread] 장 외 시간 — 대기 중...
2026-04-29 19:19:47.527 [INFO ] [DataThread] 장 외 시간 — 대기 중...
2026-04-29 19:20:43.671 [INFO ] [DataThread] 장 외 시간 — 대기 중...
2026-04-29 19:21:41.881 [INFO ] [DataThread] 장 외 시간 — 대기 중...
2026-04-29 19:22:37.989 [INFO ] [DataThread] 장 외 시간 — 대기 중...
2026-04-29 19:23:34.162 [INFO ] [DataThread] 장 외 시간 — 대기 중...
2026-04-29 19:24:30.301 [INFO ] [DataThread] 장 외 시간 — 대기 중...
2026-04-29 19:25:26.417 [INFO ] [DataThread] 장 외 시간 — 대기 중...
2026-04-29 19:26:22.507 [INFO ] [DataThread] 장 외 시간 — 대기 중...
2026-04-29 19:27:20.577 [INFO ] [DataThread] 장 외 시간 — 대기 중...
2026-04-29 19:28:16.863 [INFO ] [DataThread] 장 외 시간 — 대기 중...
2026-04-29 19:29:13.134 [INFO ] [DataThread] 장 외 시간 — 대기 중...
2026-04-29 19:30:09.251 [INFO ] [DataThread] 장 외 시간 — 대기 중...
2026-04-29 19:31:05.346 [INFO ] [DataThread] 장 외 시간 — 대기 중...
2026-04-29 19:32:01.657 [INFO ] [DataThread] 장 외 시간 — 대기 중...
2026-04-29 19:32:57.959 [INFO ] [DataThread] 장 외 시간 — 대기 중...
2026-04-29 19:33:56.200 [INFO ] [DataThread] 장 외 시간 — 대기 중...
2026-04-29 19:34:52.253 [INFO ] [DataThread] 장 외 시간 — 대기 중...
2026-04-29 19:35:48.642 [INFO ] [DataThread] 장 외 시간 — 대기 중...
2026-04-29 19:36:44.723 [INFO ] [DataThread] 장 외 시간 — 대기 중...
2026-04-29 19:37:40.791 [INFO ] [DataThread] 장 외 시간 — 대기 중...
2026-04-29 19:38:36.849 [INFO ] [DataThread] 장 외 시간 — 대기 중...
2026-04-29 19:39:34.883 [INFO ] [DataThread] 장 외 시간 — 대기 중...
2026-04-29 19:40:30.942 [INFO ] [DataThread] 장 외 시간 — 대기 중...
2026-04-29 19:41:26.993 [INFO ] [DataThread] 장 외 시간 — 대기 중...
2026-04-29 19:42:23.075 [INFO ] [DataThread] 장 외 시간 — 대기 중...
2026-04-29 19:43:19.114 [INFO ] [DataThread] 장 외 시간 — 대기 중...
2026-04-29 19:44:15.132 [INFO ] [DataThread] 장 외 시간 — 대기 중...
2026-04-29 19:45:11.214 [INFO ] [DataThread] 장 외 시간 — 대기 중...
2026-04-29 19:46:09.250 [INFO ] [DataThread] 장 외 시간 — 대기 중...
2026-04-29 19:47:05.269 [INFO ] [DataThread] 장 외 시간 — 대기 중...
2026-04-29 19:48:01.358 [INFO ] [DataThread] 장 외 시간 — 대기 중...
2026-04-29 19:48:57.401 [INFO ] [DataThread] 장 외 시간 — 대기 중...
2026-04-29 19:49:53.422 [INFO ] [DataThread] 장 외 시간 — 대기 중...
2026-04-29 19:50:49.453 [INFO ] [DataThread] 장 외 시간 — 대기 중...
2026-04-29 19:51:45.482 [INFO ] [DataThread] 장 외 시간 — 대기 중...
2026-04-29 19:52:43.502 [INFO ] [DataThread] 장 외 시간 — 대기 중...
2026-04-29 19:53:39.514 [INFO ] [DataThread] 장 외 시간 — 대기 중...
2026-04-29 19:54:35.500 [INFO ] [DataThread] 장 외 시간 — 대기 중...
2026-04-29 19:55:31.541 [INFO ] [DataThread] 장 외 시간 — 대기 중...
2026-04-29 19:56:27.508 [INFO ] [DataThread] 장 외 시간 — 대기 중...
2026-04-29 19:57:23.497 [INFO ] [DataThread] 장 외 시간 — 대기 중...
2026-04-29 19:58:21.532 [INFO ] [DataThread] 장 외 시간 — 대기 중...
2026-04-29 19:59:17.529 [INFO ] [DataThread] 장 외 시간 — 대기 중...
2026-04-29 20:00:13.459 [INFO ] [DataThread] 장 외 시간 — 대기 중...
2026-04-29 20:01:09.455 [INFO ] [DataThread] 장 외 시간 — 대기 중...
2026-04-29 20:02:05.452 [INFO ] [DataThread] 장 외 시간 — 대기 중...
2026-04-29 20:03:01.422 [INFO ] [DataThread] 장 외 시간 — 대기 중...
2026-04-29 20:03:57.379 [INFO ] [DataThread] 장 외 시간 — 대기 중...
2026-04-29 20:04:55.372 [INFO ] [DataThread] 장 외 시간 — 대기 중...
2026-04-29 20:05:51.368 [INFO ] [DataThread] 장 외 시간 — 대기 중...
2026-04-29 20:06:47.345 [INFO ] [DataThread] 장 외 시간 — 대기 중...
2026-04-29 20:07:43.309 [INFO ] [DataThread] 장 외 시간 — 대기 중...
2026-04-29 20:08:39.278 [INFO ] [DataThread] 장 외 시간 — 대기 중...
2026-04-29 20:09:35.229 [INFO ] [DataThread] 장 외 시간 — 대기 중...
2026-04-29 20:10:33.231 [INFO ] [DataThread] 장 외 시간 — 대기 중...
2026-04-29 20:11:29.220 [INFO ] [DataThread] 장 외 시간 — 대기 중...
2026-04-29 20:12:25.176 [INFO ] [DataThread] 장 외 시간 — 대기 중...
2026-04-29 20:13:21.060 [INFO ] [DataThread] 장 외 시간 — 대기 중...
2026-04-29 20:14:17.000 [INFO ] [DataThread] 장 외 시간 — 대기 중...
2026-04-29 20:15:12.974 [INFO ] [DataThread] 장 외 시간 — 대기 중...
2026-04-29 20:16:08.919 [INFO ] [DataThread] 장 외 시간 — 대기 중...
2026-04-29 20:17:06.865 [INFO ] [DataThread] 장 외 시간 — 대기 중...
2026-04-29 20:18:02.808 [INFO ] [DataThread] 장 외 시간 — 대기 중...
2026-04-29 20:18:58.773 [INFO ] [DataThread] 장 외 시간 — 대기 중...
2026-04-29 20:19:54.751 [INFO ] [DataThread] 장 외 시간 — 대기 중...
2026-04-29 20:20:50.660 [INFO ] [DataThread] 장 외 시간 — 대기 중...
2026-04-29 20:21:46.595 [INFO ] [DataThread] 장 외 시간 — 대기 중...
2026-04-29 20:22:44.565 [INFO ] [DataThread] 장 외 시간 — 대기 중...
2026-04-29 20:23:40.476 [INFO ] [DataThread] 장 외 시간 — 대기 중...
2026-04-29 20:24:36.425 [INFO ] [DataThread] 장 외 시간 — 대기 중...
2026-04-29 20:25:32.313 [INFO ] [DataThread] 장 외 시간 — 대기 중...
2026-04-29 20:26:28.213 [INFO ] [DataThread] 장 외 시간 — 대기 중...
2026-04-29 20:27:24.070 [INFO ] [DataThread] 장 외 시간 — 대기 중...
